---
source: crates/mate-tui/src/ui.rs
expression: terminal.backend()
---
"┌ model ───────────────┐you ›   what does build_toolset do?                         "
"│Model: Qwen3-Coder-30B│agent › Let me check the source.                            "
"│Provider: huggingface │✓       read_file ok                                        "
"│                      │agent › It assembles the toolset for one agent.             "
"│                      │                                                            "
"│                      │                                                            "
"│                      │                                                            "
"│                      │                                                            "
"│                      │                                                            "
"│                      │                                                            "
"│                      │                                                            "
"│                      │┌ mate ────────────────────────────────────────────────────┐"
"│                      ││ message the agent                                        │"
"└──────────────────────┘└──────────────────────────────────────────────────────────┘"
